C:/Users/90537/Desktop/proje/imge/Core/Src/main.c:28:6:Flash_Write	48	static
C:/Users/90537/Desktop/proje/imge/Core/Src/main.c:40:10:Flash_Read	4	static
C:/Users/90537/Desktop/proje/imge/Core/Src/main.c:45:5:main	8	static
C:/Users/90537/Desktop/proje/imge/Core/Src/main.c:99:6:HAL_TIM_PeriodElapsedCallback	16	static
C:/Users/90537/Desktop/proje/imge/Core/Src/main.c:148:13:MX_TIM2_Init	8	static
C:/Users/90537/Desktop/proje/imge/Core/Src/main.c:159:13:MX_GPIO_Init	32	static
C:/Users/90537/Desktop/proje/imge/Core/Src/main.c:186:6:SystemClock_Config	72	static
C:/Users/90537/Desktop/proje/imge/Core/Src/main.c:206:6:Error_Handler	4	static
